2026-03-17 02:36:54 user_07 UPDATE UPDATE id, name FROM salary WHERE id = 600
2026-03-17 02:36:54 user_04 SELECT SELECT id, name FROM hr_data WHERE id = 616
2026-03-17 02:36:54 user_05 SELECT SELECT id, name FROM customers WHERE id = 514
2026-03-17 02:36:54 user_11 INSERT INSERT id, name FROM inventory WHERE id = 250
2026-03-17 02:36:54 user_07 DELETE DELETE id, name FROM finance WHERE id = 436
2026-03-17 02:36:55 user_39 UPDATE UPDATE id, name FROM orders WHERE id = 85
2026-03-17 02:36:55 user_23 SELECT SELECT id, name FROM inventory WHERE id = 506
2026-03-17 02:36:55 user_19 UPDATE UPDATE id, name FROM orders WHERE id = 88
2026-03-17 02:36:55 user_38 INSERT INSERT id, name FROM hr_data WHERE id = 46
2026-03-17 02:36:55 user_29 DELETE DELETE id, name FROM salary WHERE id = 115
2026-03-17 02:36:57 user_16 INSERT INSERT id, name FROM transactions WHERE id = 398
2026-03-17 02:36:57 user_24 SELECT SELECT id, name FROM transactions WHERE id = 894
2026-03-17 02:36:57 user_23 UPDATE UPDATE id, name FROM orders WHERE id = 162
2026-03-17 02:36:57 user_09 UPDATE UPDATE id, name FROM products WHERE id = 998
2026-03-17 02:36:58 user_35 UPDATE UPDATE id, name FROM products WHERE id = 338
2026-03-17 02:36:58 user_12 UPDATE UPDATE id, name FROM hr_data WHERE id = 922
2026-03-17 02:36:58 user_16 SELECT SELECT id, name FROM salary WHERE id = 789
2026-03-17 02:36:58 user_02 UPDATE UPDATE id, name FROM inventory WHERE id = 128
2026-03-17 02:36:59 user_30 INSERT INSERT id, name FROM transactions WHERE id = 208
2026-03-17 02:36:59 user_17 DELETE DELETE id, name FROM orders WHERE id = 153
2026-03-17 02:36:59 user_34 DELETE DELETE id, name FROM finance WHERE id = 508
2026-03-17 02:36:59 user_12 UPDATE UPDATE * FROM transactions WHERE 1=1
2026-03-17 02:37:00 user_33 UPDATE UPDATE id, name FROM finance WHERE id = 555
2026-03-17 02:37:00 user_11 UPDATE UPDATE id, name FROM products WHERE id = 772
2026-03-17 02:37:00 user_26 INSERT INSERT id, name FROM inventory WHERE id = 266
2026-03-17 02:37:00 user_22 UPDATE UPDATE id, name FROM orders WHERE id = 947
2026-03-17 02:37:00 user_20 INSERT INSERT id, name FROM customers WHERE id = 112
2026-03-17 02:37:02 user_37 DELETE DELETE id, name FROM hr_data WHERE id = 511
2026-03-17 02:37:03 user_03 INSERT INSERT id, name FROM inventory WHERE id = 759
2026-03-17 02:37:03 user_31 SELECT SELECT id, name FROM products WHERE id = 751
2026-03-17 02:37:03 user_24 SELECT SELECT id, name FROM transactions WHERE id = 576
2026-03-17 02:37:03 user_32 UPDATE UPDATE id, name FROM orders WHERE id = 669
2026-03-17 02:37:04 user_28 UPDATE UPDATE * FROM inventory
2026-03-17 02:37:04 user_30 INSERT INSERT * FROM products
2026-03-17 02:37:04 user_14 DELETE DELETE * FROM salary
2026-03-17 02:37:04 user_25 UPDATE UPDATE id, name FROM customers WHERE id = 483
2026-03-17 02:37:04 user_32 DELETE DELETE id, name FROM hr_data WHERE id = 543
2026-03-17 02:37:05 user_35 INSERT INSERT id, name FROM products WHERE id = 60
2026-03-17 02:37:06 user_09 UPDATE UPDATE id, name FROM products WHERE id = 352
2026-03-17 02:37:06 user_31 UPDATE UPDATE id, name FROM products WHERE id = 9
2026-03-17 02:37:06 user_36 DELETE DELETE id, name FROM hr_data WHERE id = 768
2026-03-17 02:37:07 user_30 DELETE DELETE id, name FROM customers WHERE id = 327
2026-03-17 02:37:07 user_20 UPDATE UPDATE id, name FROM hr_data WHERE id = 8
2026-03-17 02:37:08 user_28 SELECT SELECT id, name FROM hr_data WHERE id = 375
2026-03-17 02:37:08 user_40 UPDATE UPDATE id, name FROM orders WHERE id = 806
2026-03-17 02:37:08 user_08 SELECT SELECT * FROM inventory
2026-03-17 02:37:08 user_28 INSERT INSERT id, name FROM hr_data WHERE id = 87
2026-03-17 02:37:08 user_37 UPDATE UPDATE id, name FROM customers WHERE id = 674
2026-03-17 02:37:09 user_13 SELECT SELECT id, name FROM customers WHERE id = 950
2026-03-17 02:37:09 user_26 DELETE DELETE id, name FROM salary WHERE id = 976
2026-03-17 02:37:09 user_30 INSERT INSERT id, name FROM customers WHERE id = 595
2026-03-17 02:37:09 user_14 DELETE DELETE id, name FROM transactions WHERE id = 830
2026-03-17 02:37:09 user_11 SELECT SELECT id, name FROM finance WHERE id = 439
2026-03-17 02:37:11 user_06 UPDATE UPDATE id, name FROM finance WHERE id = 919
2026-03-17 02:37:11 user_29 DELETE DELETE id, name FROM orders WHERE id = 634
2026-03-17 02:37:11 user_21 INSERT INSERT id, name FROM inventory WHERE id = 373
2026-03-17 02:37:13 user_29 INSERT INSERT id, name FROM salary WHERE id = 155
2026-03-17 02:37:13 user_10 SELECT SELECT id, name FROM hr_data WHERE id = 131
2026-03-17 02:37:14 user_35 SELECT SELECT id, name FROM hr_data WHERE id = 71
2026-03-17 02:37:14 user_07 INSERT INSERT id, name FROM orders WHERE id = 396
2026-03-17 02:37:15 user_36 SELECT SELECT id, name FROM products WHERE id = 409
2026-03-17 02:37:15 user_17 INSERT INSERT id, name FROM transactions WHERE id = 119
2026-03-17 02:37:17 user_21 INSERT INSERT id, name FROM products WHERE id = 201
2026-03-17 02:37:17 user_14 UPDATE UPDATE id, name FROM finance WHERE id = 115
2026-03-17 02:37:17 user_15 UPDATE UPDATE id, name FROM transactions WHERE id = 120
2026-03-17 02:37:17 user_12 INSERT INSERT id, name FROM transactions WHERE id = 809
2026-03-17 02:37:18 user_14 DELETE DELETE id, name FROM products WHERE id = 519
2026-03-17 02:37:18 user_35 UPDATE UPDATE * FROM orders
2026-03-17 02:37:18 user_25 SELECT SELECT id, name FROM products WHERE id = 972
2026-03-17 02:37:19 user_06 UPDATE UPDATE id, name FROM hr_data WHERE id = 686
2026-03-17 02:37:19 user_34 UPDATE UPDATE id, name FROM transactions WHERE id = 289
2026-03-17 02:37:20 user_30 DELETE DELETE id, name FROM hr_data WHERE id = 662
2026-03-17 02:37:22 user_03 UPDATE UPDATE * FROM orders
2026-03-17 02:37:22 user_19 UPDATE UPDATE * FROM customers WHERE 1=1
2026-03-17 02:37:22 user_40 INSERT INSERT id, name FROM products WHERE id = 954
2026-03-17 02:37:22 user_21 INSERT INSERT id, name FROM salary WHERE id = 780
2026-03-17 02:37:23 user_22 INSERT INSERT id, name FROM orders WHERE id = 790
2026-03-17 02:37:23 user_01 SELECT SELECT id, name FROM inventory WHERE id = 941
2026-03-17 02:37:23 user_19 UPDATE UPDATE id, name FROM customers WHERE id = 449
2026-03-17 02:37:23 user_22 INSERT INSERT id, name FROM orders WHERE id = 214
2026-03-17 02:37:23 user_12 DELETE DELETE * FROM transactions
2026-03-17 02:37:24 user_03 INSERT INSERT id, name FROM transactions WHERE id = 690
2026-03-17 02:37:24 user_18 DELETE DELETE id, name FROM hr_data WHERE id = 605
2026-03-17 02:37:24 user_24 UPDATE UPDATE id, name FROM hr_data WHERE id = 600
2026-03-17 02:37:24 user_23 UPDATE UPDATE id, name FROM products WHERE id = 863
2026-03-17 02:37:26 user_03 DELETE DELETE id, name FROM salary WHERE id = 624
2026-03-17 02:37:26 user_21 INSERT INSERT id, name FROM finance WHERE id = 238
2026-03-17 02:37:26 user_38 UPDATE UPDATE id, name FROM transactions WHERE id = 382
2026-03-17 02:37:26 user_08 UPDATE UPDATE id, name FROM customers WHERE id = 429
2026-03-17 02:37:26 user_22 SELECT SELECT id, name FROM customers WHERE id = 127
2026-03-17 02:37:27 user_38 INSERT INSERT id, name FROM hr_data WHERE id = 432
2026-03-17 02:37:28 user_25 UPDATE UPDATE id, name FROM transactions WHERE id = 291
2026-03-17 02:37:28 user_22 UPDATE UPDATE id, name FROM salary WHERE id = 405
2026-03-17 02:37:28 user_16 UPDATE UPDATE id, name FROM transactions WHERE id = 638
2026-03-17 02:37:28 user_01 DELETE DELETE id, name FROM products WHERE id = 744
2026-03-17 02:37:28 user_27 INSERT INSERT id, name FROM inventory WHERE id = 889
2026-03-17 02:37:28 user_15 UPDATE UPDATE id, name FROM finance WHERE id = 491
2026-03-17 02:37:28 user_16 INSERT INSERT id, name FROM transactions WHERE id = 282
2026-03-17 02:37:28 user_26 DELETE DELETE id, name FROM inventory WHERE id = 64
2026-03-17 02:37:29 user_15 UPDATE UPDATE id, name FROM hr_data WHERE id = 621
2026-03-17 02:37:29 user_40 UPDATE UPDATE id, name FROM inventory WHERE id = 228
2026-03-17 02:37:29 user_12 UPDATE UPDATE id, name FROM finance WHERE id = 219
2026-03-17 02:37:29 user_10 SELECT SELECT id, name FROM hr_data WHERE id = 553
2026-03-17 02:37:29 user_14 DELETE DELETE id, name FROM products WHERE id = 53
2026-03-17 02:37:30 user_24 DELETE DELETE * FROM hr_data
2026-03-17 02:37:30 user_39 INSERT INSERT * FROM products WHERE 1=1
2026-03-17 02:37:30 user_13 SELECT SELECT id, name FROM orders WHERE id = 575
2026-03-17 02:37:30 user_08 INSERT INSERT * FROM inventory
2026-03-17 02:37:32 user_03 INSERT INSERT id, name FROM transactions WHERE id = 435
2026-03-17 02:37:32 user_01 INSERT INSERT id, name FROM transactions WHERE id = 176
2026-03-17 02:37:32 user_05 SELECT SELECT id, name FROM products WHERE id = 215
2026-03-17 02:37:32 user_31 UPDATE UPDATE id, name FROM finance WHERE id = 515
2026-03-17 02:37:34 user_28 SELECT SELECT id, name FROM inventory WHERE id = 570
2026-03-17 02:37:34 user_28 SELECT SELECT id, name FROM customers WHERE id = 371
2026-03-17 02:37:34 user_21 INSERT INSERT id, name FROM transactions WHERE id = 828
2026-03-17 02:37:35 user_38 DELETE DELETE id, name FROM transactions WHERE id = 561
2026-03-17 02:37:35 user_36 SELECT SELECT id, name FROM inventory WHERE id = 391
2026-03-17 02:37:36 user_30 DELETE DELETE id, name FROM salary WHERE id = 198
2026-03-17 02:37:37 user_16 DELETE DELETE id, name FROM orders WHERE id = 944
2026-03-17 02:37:37 user_29 INSERT INSERT id, name FROM transactions WHERE id = 582
2026-03-17 02:37:37 user_07 DELETE DELETE id, name FROM hr_data WHERE id = 257
2026-03-17 02:37:38 user_06 SELECT SELECT id, name FROM finance WHERE id = 830
2026-03-17 02:37:38 user_10 INSERT INSERT id, name FROM salary WHERE id = 655
2026-03-17 02:37:40 user_16 DELETE DELETE id, name FROM salary WHERE id = 399
2026-03-17 02:37:40 user_29 INSERT INSERT id, name FROM orders WHERE id = 993
2026-03-17 02:37:40 user_29 SELECT SELECT id, name FROM salary WHERE id = 402
2026-03-17 02:37:40 user_25 UPDATE UPDATE id, name FROM customers WHERE id = 579
2026-03-17 02:37:41 user_26 DELETE DELETE id, name FROM salary WHERE id = 935
2026-03-17 02:37:41 user_18 UPDATE UPDATE id, name FROM orders WHERE id = 237
2026-03-17 02:37:42 user_21 INSERT INSERT id, name FROM hr_data WHERE id = 11
2026-03-17 02:37:42 user_34 DELETE DELETE id, name FROM inventory WHERE id = 932
2026-03-17 02:37:42 user_02 DELETE DELETE id, name FROM transactions WHERE id = 386
2026-03-17 02:37:43 user_32 INSERT INSERT id, name FROM customers WHERE id = 284
2026-03-17 02:37:43 user_38 SELECT SELECT id, name FROM transactions WHERE id = 451
2026-03-17 02:37:43 user_39 DELETE DELETE * FROM customers
2026-03-17 02:37:43 user_39 UPDATE UPDATE id, name FROM salary WHERE id = 987
2026-03-17 02:37:43 user_02 INSERT INSERT id, name FROM products WHERE id = 924
2026-03-17 02:37:43 user_29 INSERT INSERT id, name FROM transactions WHERE id = 252
2026-03-17 02:37:43 user_19 DELETE DELETE id, name FROM customers WHERE id = 49
2026-03-17 02:37:43 user_30 DELETE DELETE id, name FROM orders WHERE id = 77
2026-03-17 02:37:43 user_27 SELECT SELECT id, name FROM products WHERE id = 693
2026-03-17 02:37:43 user_37 DELETE DELETE * FROM products
2026-03-17 02:37:45 user_15 DELETE DELETE id, name FROM finance WHERE id = 711
2026-03-17 02:37:45 user_10 SELECT SELECT id, name FROM hr_data WHERE id = 597
2026-03-17 02:37:45 user_30 UPDATE UPDATE id, name FROM finance WHERE id = 34
2026-03-17 02:37:46 user_11 UPDATE UPDATE id, name FROM customers WHERE id = 961
2026-03-17 02:37:46 user_39 DELETE DELETE id, name FROM orders WHERE id = 269
2026-03-17 02:37:46 user_39 DELETE DELETE id, name FROM hr_data WHERE id = 63
2026-03-17 02:37:46 user_23 INSERT INSERT id, name FROM transactions WHERE id = 608
2026-03-17 02:37:46 user_15 UPDATE UPDATE id, name FROM products WHERE id = 311
2026-03-17 02:37:48 user_16 UPDATE UPDATE id, name FROM products WHERE id = 218
2026-03-17 02:37:48 user_01 DELETE DELETE id, name FROM transactions WHERE id = 740
2026-03-17 02:37:48 user_33 UPDATE UPDATE id, name FROM products WHERE id = 119
2026-03-17 02:37:49 user_39 UPDATE UPDATE id, name FROM hr_data WHERE id = 674
2026-03-17 02:37:51 user_19 DELETE DELETE id, name FROM orders WHERE id = 793
2026-03-17 02:37:51 user_20 INSERT INSERT id, name FROM customers WHERE id = 589
2026-03-17 02:37:51 user_26 UPDATE UPDATE id, name FROM hr_data WHERE id = 620
2026-03-17 02:37:51 user_37 SELECT SELECT id, name FROM orders WHERE id = 911
2026-03-17 02:37:51 user_03 UPDATE UPDATE id, name FROM hr_data WHERE id = 28
2026-03-17 02:37:52 user_30 UPDATE UPDATE id, name FROM products WHERE id = 797
2026-03-17 02:37:52 user_18 SELECT SELECT id, name FROM orders WHERE id = 398
2026-03-17 02:37:52 user_40 SELECT SELECT id, name FROM customers WHERE id = 189
2026-03-17 02:37:52 user_14 SELECT SELECT id, name FROM finance WHERE id = 201
2026-03-17 02:37:52 user_18 SELECT SELECT id, name FROM transactions WHERE id = 686
2026-03-17 02:37:53 user_17 DELETE DELETE * FROM hr_data WHERE 1=1
2026-03-17 02:37:53 user_21 UPDATE UPDATE id, name FROM transactions WHERE id = 637
2026-03-17 02:37:53 user_23 SELECT SELECT id, name FROM orders WHERE id = 368
2026-03-17 02:37:53 user_09 DELETE DELETE id, name FROM inventory WHERE id = 389
2026-03-17 02:37:53 user_19 UPDATE UPDATE id, name FROM finance WHERE id = 444
2026-03-17 02:37:54 user_32 INSERT INSERT id, name FROM orders WHERE id = 363
2026-03-17 02:37:54 user_11 DELETE DELETE id, name FROM orders WHERE id = 805
2026-03-17 02:37:55 user_12 UPDATE UPDATE id, name FROM transactions WHERE id = 856
2026-03-17 02:37:56 user_30 DELETE DELETE id, name FROM inventory WHERE id = 714
2026-03-17 02:37:56 user_25 SELECT SELECT id, name FROM finance WHERE id = 371
2026-03-17 02:37:56 user_12 DELETE DELETE id, name FROM orders WHERE id = 994
2026-03-17 02:37:56 user_11 DELETE DELETE id, name FROM finance WHERE id = 711
2026-03-17 02:37:56 user_15 UPDATE UPDATE * FROM orders WHERE 1=1
2026-03-17 02:37:58 user_16 INSERT INSERT id, name FROM finance WHERE id = 365
2026-03-17 02:37:59 user_02 SELECT SELECT * FROM inventory
2026-03-17 02:37:59 user_35 DELETE DELETE id, name FROM hr_data WHERE id = 469
2026-03-17 02:37:59 user_12 DELETE DELETE id, name FROM products WHERE id = 473
2026-03-17 02:37:59 user_26 SELECT SELECT id, name FROM inventory WHERE id = 606
2026-03-17 02:38:00 user_23 UPDATE UPDATE id, name FROM hr_data WHERE id = 1
2026-03-17 02:38:00 user_10 DELETE DELETE id, name FROM finance WHERE id = 785
2026-03-17 02:38:01 user_29 UPDATE UPDATE id, name FROM salary WHERE id = 950
2026-03-17 02:38:01 user_38 INSERT INSERT id, name FROM customers WHERE id = 236
2026-03-17 02:38:02 user_11 SELECT SELECT id, name FROM products WHERE id = 538
2026-03-17 02:38:02 user_16 SELECT SELECT id, name FROM orders WHERE id = 952
2026-03-17 02:38:02 user_23 DELETE DELETE id, name FROM salary WHERE id = 131
2026-03-17 02:38:02 user_25 DELETE DELETE id, name FROM orders WHERE id = 288
2026-03-17 02:38:02 user_12 DELETE DELETE id, name FROM orders WHERE id = 269
2026-03-17 02:38:03 user_11 DELETE DELETE id, name FROM salary WHERE id = 516
2026-03-17 02:38:04 user_01 UPDATE UPDATE id, name FROM finance WHERE id = 216
2026-03-17 02:38:04 user_40 INSERT INSERT * FROM products WHERE 1=1
2026-03-17 02:38:05 user_21 DELETE DELETE id, name FROM finance WHERE id = 827
2026-03-17 02:38:06 user_35 DELETE DELETE id, name FROM orders WHERE id = 266
2026-03-17 02:38:06 user_33 INSERT INSERT id, name FROM customers WHERE id = 700
2026-03-17 02:38:06 user_39 DELETE DELETE * FROM products WHERE 1=1
2026-03-17 02:38:07 user_02 DELETE DELETE id, name FROM salary WHERE id = 296
2026-03-17 02:38:07 user_17 INSERT INSERT * FROM transactions WHERE 1=1
2026-03-17 02:38:07 user_09 UPDATE UPDATE id, name FROM hr_data WHERE id = 603
2026-03-17 02:38:07 user_35 SELECT SELECT id, name FROM transactions WHERE id = 102
2026-03-17 02:38:07 user_23 UPDATE UPDATE id, name FROM products WHERE id = 169
2026-03-17 02:38:08 user_38 DELETE DELETE id, name FROM inventory WHERE id = 463
2026-03-17 02:38:08 user_39 SELECT SELECT id, name FROM products WHERE id = 272
2026-03-17 02:38:09 user_23 SELECT SELECT id, name FROM salary WHERE id = 937
2026-03-17 02:38:09 user_24 SELECT SELECT id, name FROM products WHERE id = 243
2026-03-17 02:38:09 user_19 INSERT INSERT id, name FROM finance WHERE id = 787
2026-03-17 02:38:09 user_19 UPDATE UPDATE id, name FROM transactions WHERE id = 20
2026-03-17 02:38:09 user_04 DELETE DELETE id, name FROM salary WHERE id = 962
2026-03-17 02:38:11 user_06 INSERT INSERT id, name FROM inventory WHERE id = 631
2026-03-17 02:38:11 user_29 INSERT INSERT id, name FROM hr_data WHERE id = 306
2026-03-17 02:38:11 user_26 UPDATE UPDATE * FROM transactions WHERE 1=1
2026-03-17 02:38:11 user_28 UPDATE UPDATE id, name FROM orders WHERE id = 485
2026-03-17 02:38:11 user_16 INSERT INSERT id, name FROM salary WHERE id = 681
2026-03-17 02:38:11 user_19 INSERT INSERT id, name FROM products WHERE id = 769
2026-03-17 02:38:11 user_15 UPDATE UPDATE id, name FROM transactions WHERE id = 237
2026-03-17 02:38:13 user_20 SELECT SELECT * FROM hr_data WHERE 1=1
2026-03-17 02:38:13 user_32 UPDATE UPDATE id, name FROM salary WHERE id = 227
2026-03-17 02:38:13 user_30 SELECT SELECT id, name FROM hr_data WHERE id = 602
2026-03-17 02:38:13 user_09 DELETE DELETE id, name FROM orders WHERE id = 6
2026-03-17 02:38:14 user_38 UPDATE UPDATE id, name FROM products WHERE id = 211
2026-03-17 02:38:14 user_20 INSERT INSERT id, name FROM inventory WHERE id = 446
2026-03-17 02:38:14 user_18 DELETE DELETE id, name FROM transactions WHERE id = 451
2026-03-17 02:38:14 user_19 SELECT SELECT id, name FROM customers WHERE id = 504
2026-03-17 02:38:16 user_12 UPDATE UPDATE * FROM customers
2026-03-17 02:38:16 user_10 INSERT INSERT id, name FROM customers WHERE id = 425
2026-03-17 02:38:16 user_24 SELECT SELECT id, name FROM customers WHERE id = 175
2026-03-17 02:38:16 user_33 INSERT INSERT id, name FROM transactions WHERE id = 220
2026-03-17 02:38:16 user_21 SELECT SELECT id, name FROM products WHERE id = 936
2026-03-17 02:38:18 user_16 SELECT SELECT id, name FROM finance WHERE id = 282
2026-03-17 02:38:18 user_21 UPDATE UPDATE id, name FROM finance WHERE id = 667
2026-03-17 02:38:18 user_37 INSERT INSERT id, name FROM finance WHERE id = 980
2026-03-17 02:38:18 user_20 SELECT SELECT id, name FROM salary WHERE id = 93
2026-03-17 02:38:18 user_39 UPDATE UPDATE id, name FROM hr_data WHERE id = 265
2026-03-17 02:38:20 user_23 SELECT SELECT id, name FROM orders WHERE id = 236
2026-03-17 02:38:20 user_31 SELECT SELECT id, name FROM orders WHERE id = 429
2026-03-17 02:38:20 user_25 SELECT SELECT id, name FROM finance WHERE id = 743
2026-03-17 02:38:20 user_12 UPDATE UPDATE id, name FROM products WHERE id = 268
2026-03-17 02:38:20 user_25 DELETE DELETE id, name FROM transactions WHERE id = 872
2026-03-17 02:38:21 user_16 DELETE DELETE * FROM finance WHERE 1=1
2026-03-17 02:38:21 user_34 SELECT SELECT id, name FROM hr_data WHERE id = 664
2026-03-17 02:38:21 user_04 DELETE DELETE id, name FROM products WHERE id = 469
2026-03-17 02:38:23 user_05 UPDATE UPDATE id, name FROM customers WHERE id = 607
2026-03-17 02:38:23 user_03 DELETE DELETE id, name FROM customers WHERE id = 157
2026-03-17 02:38:23 user_12 INSERT INSERT id, name FROM products WHERE id = 483
2026-03-17 02:38:24 user_16 INSERT INSERT id, name FROM transactions WHERE id = 530
2026-03-17 02:38:24 user_19 UPDATE UPDATE id, name FROM customers WHERE id = 160
2026-03-17 02:38:24 user_23 INSERT INSERT id, name FROM orders WHERE id = 616
2026-03-17 02:38:24 user_26 DELETE DELETE id, name FROM finance WHERE id = 830
2026-03-17 02:38:24 user_35 INSERT INSERT id, name FROM customers WHERE id = 377
2026-03-17 02:38:26 user_11 SELECT SELECT id, name FROM transactions WHERE id = 597
2026-03-17 02:38:26 user_13 DELETE DELETE id, name FROM inventory WHERE id = 28
2026-03-17 02:38:26 user_06 INSERT INSERT id, name FROM orders WHERE id = 869
2026-03-17 02:38:26 user_11 DELETE DELETE id, name FROM transactions WHERE id = 906
2026-03-17 02:38:27 user_12 DELETE DELETE id, name FROM customers WHERE id = 71
2026-03-17 02:38:29 user_30 DELETE DELETE id, name FROM orders WHERE id = 992
2026-03-17 02:38:29 user_30 SELECT SELECT id, name FROM customers WHERE id = 839
2026-03-17 02:38:29 user_20 SELECT SELECT id, name FROM products WHERE id = 641
2026-03-17 02:38:30 user_01 INSERT INSERT id, name FROM finance WHERE id = 962
2026-03-17 02:38:31 user_13 INSERT INSERT * FROM finance
2026-03-17 02:38:31 user_38 SELECT SELECT id, name FROM salary WHERE id = 325
2026-03-17 02:38:31 user_29 SELECT SELECT id, name FROM products WHERE id = 629
2026-03-17 02:38:32 user_25 INSERT INSERT id, name FROM inventory WHERE id = 704
2026-03-17 02:38:34 user_12 SELECT SELECT id, name FROM products WHERE id = 836
2026-03-17 02:38:34 user_20 DELETE DELETE id, name FROM orders WHERE id = 659
2026-03-17 02:38:35 user_26 INSERT INSERT id, name FROM finance WHERE id = 453
2026-03-17 02:38:35 user_36 INSERT INSERT id, name FROM inventory WHERE id = 59
2026-03-17 02:38:35 user_19 SELECT SELECT id, name FROM hr_data WHERE id = 635
2026-03-17 02:38:35 user_18 DELETE DELETE id, name FROM salary WHERE id = 93
2026-03-17 02:38:36 user_18 SELECT SELECT id, name FROM finance WHERE id = 316
2026-03-17 02:38:36 user_11 DELETE DELETE * FROM customers WHERE 1=1
2026-03-17 02:38:36 user_25 DELETE DELETE id, name FROM salary WHERE id = 33
2026-03-17 02:38:36 user_09 DELETE DELETE id, name FROM transactions WHERE id = 758
2026-03-17 02:38:36 user_03 SELECT SELECT id, name FROM inventory WHERE id = 971
2026-03-17 02:38:37 user_19 SELECT SELECT id, name FROM products WHERE id = 600
2026-03-17 02:38:37 user_22 INSERT INSERT * FROM orders WHERE 1=1
2026-03-17 02:38:38 user_40 DELETE DELETE * FROM finance
2026-03-17 02:38:38 user_31 INSERT INSERT id, name FROM customers WHERE id = 852
2026-03-17 02:38:39 user_10 DELETE DELETE * FROM finance
2026-03-17 02:38:39 user_23 DELETE DELETE id, name FROM hr_data WHERE id = 539
2026-03-17 02:38:39 user_25 DELETE DELETE id, name FROM products WHERE id = 252
2026-03-17 02:38:39 user_40 INSERT INSERT id, name FROM salary WHERE id = 386
2026-03-17 02:38:40 user_05 UPDATE UPDATE * FROM products
2026-03-17 02:38:40 user_35 INSERT INSERT id, name FROM hr_data WHERE id = 875
2026-03-17 02:38:40 user_22 INSERT INSERT id, name FROM customers WHERE id = 674
2026-03-17 02:38:40 user_08 UPDATE UPDATE id, name FROM salary WHERE id = 849
2026-03-17 02:38:40 user_07 DELETE DELETE id, name FROM salary WHERE id = 362
2026-03-17 02:38:40 user_18 UPDATE UPDATE * FROM hr_data
2026-03-17 02:38:41 user_09 SELECT SELECT id, name FROM orders WHERE id = 451
2026-03-17 02:38:41 user_28 DELETE DELETE id, name FROM orders WHERE id = 697
2026-03-17 02:38:42 user_23 SELECT SELECT * FROM transactions
2026-03-17 02:38:42 user_15 UPDATE UPDATE id, name FROM customers WHERE id = 954
2026-03-17 02:38:44 user_15 UPDATE UPDATE id, name FROM transactions WHERE id = 444
2026-03-17 02:38:45 user_10 DELETE DELETE id, name FROM hr_data WHERE id = 655
